// Jest Snapshot v1, https://goo.gl/fbAQLP

exports[`filter should work 1`] = `
<div>
  <p>
    I'm Tony Stark
  </p>
  <p>
    My name is Steve Rogers
  </p>
</div>
`;
